Automated run completed on Fri Feb 27 05:58:06 UTC 2026
Automated run completed on Fri Feb 27 09:05:02 UTC 2026
Automated run completed on Sat Feb 28 08:49:53 UTC 2026
Automated run completed on Sun Mar  1 08:52:36 UTC 2026
Automated run completed on Mon Mar  2 09:05:51 UTC 2026
Automated run completed on Tue Mar  3 09:05:43 UTC 2026
Automated run completed on Wed Mar  4 09:02:18 UTC 2026
Automated run completed on Thu Mar  5 09:05:08 UTC 2026
Automated run completed on Fri Mar  6 09:01:49 UTC 2026
Automated run completed on Sat Mar  7 08:52:56 UTC 2026
Automated run completed on Sun Mar  8 08:53:11 UTC 2026
Automated run completed on Mon Mar  9 09:05:58 UTC 2026
Automated run completed on Tue Mar 10 09:06:30 UTC 2026
Automated run completed on Wed Mar 11 09:05:25 UTC 2026
Automated run completed on Thu Mar 12 09:06:34 UTC 2026
Automated run completed on Fri Mar 13 09:03:55 UTC 2026
Automated run completed on Sat Mar 14 08:58:44 UTC 2026
Automated run completed on Sun Mar 15 08:59:28 UTC 2026
Automated run completed on Mon Mar 16 09:37:20 UTC 2026
Automated run completed on Tue Mar 17 09:12:49 UTC 2026
Automated run completed on Wed Mar 18 09:11:58 UTC 2026
Automated run completed on Thu Mar 19 09:07:26 UTC 2026
Automated run completed on Fri Mar 20 09:04:16 UTC 2026
Automated run completed on Sat Mar 21 08:55:13 UTC 2026
Automated run completed on Sun Mar 22 08:56:44 UTC 2026
Automated run completed on Mon Mar 23 09:34:46 UTC 2026
Automated run completed on Tue Mar 24 09:13:13 UTC 2026
Automated run completed on Wed Mar 25 09:12:57 UTC 2026
Automated run completed on Thu Mar 26 09:31:55 UTC 2026
Automated run completed on Fri Mar 27 09:12:31 UTC 2026
Automated run completed on Sat Mar 28 09:02:21 UTC 2026
Automated run completed on Sun Mar 29 09:03:10 UTC 2026
Automated run completed on Mon Mar 30 09:53:16 UTC 2026
Automated run completed on Tue Mar 31 09:37:50 UTC 2026
Automated run completed on Wed Apr  1 09:42:47 UTC 2026
Automated run completed on Thu Apr  2 09:33:10 UTC 2026
Automated run completed on Fri Apr  3 09:13:54 UTC 2026
Automated run completed on Sat Apr  4 09:03:26 UTC 2026
Automated run completed on Sun Apr  5 09:05:01 UTC 2026
Automated run completed on Mon Apr  6 09:45:49 UTC 2026
Automated run completed on Tue Apr  7 09:41:45 UTC 2026
Automated run completed on Wed Apr  8 09:42:31 UTC 2026
Automated run completed on Thu Apr  9 09:45:25 UTC 2026
Automated run completed on Fri Apr 10 09:44:14 UTC 2026
Automated run completed on Sat Apr 11 09:06:22 UTC 2026
Automated run completed on Sun Apr 12 09:09:38 UTC 2026
Automated run completed on Mon Apr 13 10:10:52 UTC 2026
Automated run completed on Tue Apr 14 09:53:29 UTC 2026
Automated run completed on Wed Apr 15 09:54:37 UTC 2026
Automated run completed on Thu Apr 16 09:53:59 UTC 2026
Automated run completed on Fri Apr 17 09:52:24 UTC 2026
Automated run completed on Sat Apr 18 09:09:42 UTC 2026
Automated run completed on Sun Apr 19 09:12:00 UTC 2026
Automated run completed on Mon Apr 20 10:13:11 UTC 2026
Automated run completed on Tue Apr 21 09:57:27 UTC 2026
Automated run completed on Wed Apr 22 09:58:03 UTC 2026
Automated run completed on Thu Apr 23 10:02:26 UTC 2026
Automated run completed on Fri Apr 24 10:00:19 UTC 2026
Automated run completed on Sat Apr 25 09:26:46 UTC 2026
Automated run completed on Sun Apr 26 09:28:40 UTC 2026
Automated run completed on Mon Apr 27 10:29:24 UTC 2026
Automated run completed on Tue Apr 28 10:29:00 UTC 2026
Automated run completed on Wed Apr 29 10:22:16 UTC 2026
Automated run completed on Thu Apr 30 10:22:30 UTC 2026
Automated run completed on Fri May  1 10:02:14 UTC 2026
Automated run completed on Sat May  2 09:38:25 UTC 2026
Automated run completed on Sun May  3 09:44:40 UTC 2026
Automated run completed on Mon May  4 10:29:50 UTC 2026
Automated run completed on Tue May  5 10:15:52 UTC 2026
Automated run completed on Wed May  6 10:30:52 UTC 2026
Automated run completed on Thu May  7 10:38:13 UTC 2026
Automated run completed on Fri May  8 10:00:56 UTC 2026
Automated run completed on Sat May  9 09:50:50 UTC 2026
Automated run completed on Sun May 10 09:50:50 UTC 2026
Automated run completed on Mon May 11 11:40:03 UTC 2026
Automated run completed on Tue May 12 10:55:18 UTC 2026
Automated run completed on Wed May 13 11:03:12 UTC 2026
Automated run completed on Thu May 14 10:40:41 UTC 2026
Automated run completed on Fri May 15 10:42:42 UTC 2026
Automated run completed on Sat May 16 09:54:02 UTC 2026
Automated run completed on Sun May 17 10:06:23 UTC 2026
Automated run completed on Mon May 18 11:57:05 UTC 2026
Automated run completed on Tue May 19 11:36:38 UTC 2026
Automated run completed on Wed May 20 11:25:11 UTC 2026
Automated run completed on Thu May 21 11:42:23 UTC 2026
Automated run completed on Fri May 22 11:22:12 UTC 2026
Automated run completed on Sat May 23 10:10:15 UTC 2026
Automated run completed on Sun May 24 10:16:10 UTC 2026
Automated run completed on Mon May 25 12:02:01 UTC 2026
Automated run completed on Thu May 28 11:55:05 UTC 2026
Automated run completed on Fri May 29 11:43:51 UTC 2026
Automated run completed on Sat May 30 10:21:21 UTC 2026
Automated run completed on Sun May 31 10:28:21 UTC 2026
Automated run completed on Mon Jun  1 14:29:34 UTC 2026
Automated run completed on Tue Jun  2 12:23:24 UTC 2026
Automated run completed on Wed Jun  3 12:53:00 UTC 2026
Automated run completed on Thu Jun  4 11:28:14 UTC 2026
Automated run completed on Fri Jun  5 11:40:11 UTC 2026
Automated run completed on Sat Jun  6 10:28:17 UTC 2026
Automated run completed on Sun Jun  7 10:39:10 UTC 2026
Automated run completed on Mon Jun  8 12:43:59 UTC 2026
Automated run completed on Tue Jun  9 11:36:17 UTC 2026
Automated run completed on Wed Jun 10 11:50:56 UTC 2026
Automated run completed on Thu Jun 11 12:25:44 UTC 2026
Automated run completed on Fri Jun 12 11:57:14 UTC 2026
Automated run completed on Sat Jun 13 10:43:22 UTC 2026
Automated run completed on Sun Jun 14 11:11:39 UTC 2026
Automated run completed on Mon Jun 15 14:41:09 UTC 2026
Automated run completed on Tue Jun 16 13:09:06 UTC 2026
Automated run completed on Wed Jun 17 12:33:59 UTC 2026
Automated run completed on Thu Jun 18 12:00:06 UTC 2026
Automated run completed on Fri Jun 19 12:28:58 UTC 2026
Automated run completed on Sat Jun 20 10:55:26 UTC 2026
Automated run completed on Sun Jun 21 11:27:24 UTC 2026
Automated run completed on Mon Jun 22 14:10:50 UTC 2026
Automated run completed on Tue Jun 23 11:36:34 UTC 2026
Automated run completed on Wed Jun 24 11:21:27 UTC 2026
Automated run completed on Thu Jun 25 11:12:13 UTC 2026
Automated run completed on Fri Jun 26 11:20:35 UTC 2026
Automated run completed on Sat Jun 27 10:31:06 UTC 2026
Automated run completed on Sun Jun 28 10:38:06 UTC 2026
Automated run completed on Mon Jun 29 12:44:27 UTC 2026
Automated run completed on Tue Jun 30 11:24:37 UTC 2026
Automated run completed on Wed Jul  1 11:36:44 UTC 2026
Automated run completed on Thu Jul  2 11:04:18 UTC 2026
Automated run completed on Fri Jul  3 11:06:25 UTC 2026
Automated run completed on Sat Jul  4 10:31:03 UTC 2026
Automated run completed on Sun Jul  5 10:35:30 UTC 2026
Automated run completed on Mon Jul  6 12:21:45 UTC 2026
Automated run completed on Tue Jul  7 11:21:55 UTC 2026
Automated run completed on Wed Jul  8 10:33:21 UTC 2026
Automated run completed on Thu Jul  9 11:28:06 UTC 2026
Automated run completed on Fri Jul 10 11:22:30 UTC 2026
Automated run completed on Sat Jul 11 09:55:25 UTC 2026
Automated run completed on Sun Jul 12 10:05:33 UTC 2026
Automated run completed on Mon Jul 13 11:35:30 UTC 2026
Automated run completed on Tue Jul 14 10:14:10 UTC 2026
Automated run completed on Wed Jul 15 10:18:14 UTC 2026
Automated run completed on Thu Jul 16 10:23:38 UTC 2026
Automated run completed on Fri Jul 17 10:15:47 UTC 2026
Automated run completed on Sat Jul 18 09:52:32 UTC 2026
Automated run completed on Sun Jul 19 10:04:41 UTC 2026
Automated run completed on Mon Jul 20 11:19:15 UTC 2026
Automated run completed on Tue Jul 21 10:35:54 UTC 2026
Automated run completed on Wed Jul 22 10:36:49 UTC 2026
Automated run completed on Thu Jul 23 10:37:40 UTC 2026
Automated run completed on Fri Jul 24 10:31:24 UTC 2026
Automated run completed on Sat Jul 25 10:05:35 UTC 2026
Automated run completed on Sun Jul 26 10:15:52 UTC 2026
Automated run completed on Mon Jul 27 11:47:59 UTC 2026
Automated run completed on Tue Jul 28 10:55:45 UTC 2026
Automated run completed on Wed Jul 29 11:00:37 UTC 2026
Automated run completed on Thu Jul 30 10:36:34 UTC 2026
Automated run completed on Fri Jul 31 11:03:54 UTC 2026
Automated run completed on Sat Aug  1 10:14:05 UTC 2026
Automated run completed on Sun Aug  2 10:12:44 UTC 2026
Automated run completed on Mon Aug  3 11:53:53 UTC 2026
Automated run completed on Tue Aug  4 11:01:04 UTC 2026
Automated run completed on Wed Aug  5 10:57:35 UTC 2026
Automated run completed on Thu Aug  6 10:58:26 UTC 2026
Automated run completed on Fri Aug  7 09:29:36 UTC 2026
Automated run completed on Sat Aug  8 09:08:33 UTC 2026
Automated run completed on Sun Aug  9 09:09:16 UTC 2026
Automated run completed on Mon Aug 10 09:55:01 UTC 2026
Automated run completed on Tue Aug 11 09:28:10 UTC 2026
Automated run completed on Wed Aug 12 09:37:20 UTC 2026
